#-----------------------------------------------------------
# Vivado v2023.1 (64-bit)
# SW Build 3865809 on Sun May  7 15:04:56 MDT 2023
# IP Build 3864474 on Sun May  7 20:36:21 MDT 2023
# SharedData Build 3865790 on Sun May 07 13:33:03 MDT 2023
# Start of session at: Tue Apr 30 12:12:56 2024
# Process ID: 168281
# Current directory: /home/rbonnet/Documents/4A/projet_info/banc_de_memoire/banc_de_memoire.runs/impl_1
# Command line: vivado -log memoire_de_donnees.vdi -applog -product Vivado -messageDb vivado.pb -mode batch -source memoire_de_donnees.tcl -notrace
# Log file: /home/rbonnet/Documents/4A/projet_info/banc_de_memoire/banc_de_memoire.runs/impl_1/memoire_de_donnees.vdi
# Journal file: /home/rbonnet/Documents/4A/projet_info/banc_de_memoire/banc_de_memoire.runs/impl_1/vivado.jou
# Running On: insa-11278, OS: Linux, CPU Frequency: 4299.994 MHz, CPU Physical cores: 6, Host memory: 67238 MB
#-----------------------------------------------------------
source memoire_de_donnees.tcl -notrace
